// Jest Snapshot v1, https://goo.gl/fbAQLP

exports[`TheadCart render 1`] = `
<DocumentFragment>
  <div
    class="sc-bdfBwQ dVziVR"
  >
    <div
      class="ant-row"
    >
      <div
        class="ant-col ant-col-5"
      >
        Product(s)
      </div>
      <div
        class="ant-col ant-col-7"
      />
      <div
        class="ant-col ant-col-3 price"
      >
        Price
      </div>
      <div
        class="ant-col ant-col-5 qty"
      >
        Quantity
      </div>
      <div
        class="ant-col ant-col-3 subtotal"
      >
        Subtotal
      </div>
      <div
        class="ant-col ant-col-1"
      />
    </div>
  </div>
</DocumentFragment>
`;
