// Jest Snapshot v1, https://goo.gl/fbAQLP

exports[`FormInfoChangeComponent render 1`] = `
<DocumentFragment>
  <form
    class="ant-form ant-form-horizontal"
    id="nest"
  >
    <div
      class="ant-row ant-form-item"
    >
      <div
        class="ant-col ant-form-item-label"
      >
        <label
          class=""
          for="nest_firstName"
          title="First name"
        >
          First name
        </label>
      </div>
      <div
        class="ant-col ant-form-item-control"
      >
        <div
          class="ant-form-item-control-input"
        >
          <div
            class="ant-form-item-control-input-content"
          >
            <input
              class="ant-input"
              id="nest_firstName"
              type="text"
              value=""
            />
          </div>
        </div>
      </div>
    </div>
    <div
      class="ant-row ant-form-item"
      style="padding-bottom: 0px;"
    >
      <div
        class="ant-col ant-form-item-label"
      >
        <label
          class=""
          for="nest_lastName"
          title="Last name"
        >
          Last name
        </label>
      </div>
      <div
        class="ant-col ant-form-item-control"
      >
        <div
          class="ant-form-item-control-input"
        >
          <div
            class="ant-form-item-control-input-content"
          >
            <input
              class="ant-input"
              id="nest_lastName"
              type="text"
              value=""
            />
          </div>
        </div>
      </div>
    </div>
    <div
      class="ant-row ant-form-item"
    >
      <div
        class="ant-col ant-form-item-label"
      >
        <label
          class=""
          for="nest_telephone"
          title="New Phone"
        >
          New Phone
        </label>
      </div>
      <div
        class="ant-col ant-form-item-control"
      >
        <div
          class="ant-form-item-control-input"
        >
          <div
            class="ant-form-item-control-input-content"
          >
            <input
              class="ant-input"
              id="nest_telephone"
              type="text"
              value=""
            />
          </div>
        </div>
      </div>
    </div>
    <div
      class="ant-row ant-form-item"
    >
      <div
        class="ant-col ant-form-item-control"
      >
        <div
          class="ant-form-item-control-input"
        >
          <div
            class="ant-form-item-control-input-content"
          >
            <button
              class="ant-btn ant-btn-primary"
              type="submit"
            >
              <span>
                Submit
              </span>
            </button>
          </div>
        </div>
      </div>
    </div>
  </form>
</DocumentFragment>
`;
